Archive member included because of file (symbol)

c:/program files (x86)/atmel/avr studio 5.0/avr toolchain/bin/../lib/gcc/avr/4.5.1/avr51\libgcc.a(_mulsi3.o)
                              threadkernel.o (__mulsi3)
c:/program files (x86)/atmel/avr studio 5.0/avr toolchain/bin/../lib/gcc/avr/4.5.1/avr51\libgcc.a(_udivmodhi4.o)
                              realmain.o (__udivmodhi4)
c:/program files (x86)/atmel/avr studio 5.0/avr toolchain/bin/../lib/gcc/avr/4.5.1/avr51\libgcc.a(_divmodhi4.o)
                              fsapi.o (__divmodhi4)
c:/program files (x86)/atmel/avr studio 5.0/avr toolchain/bin/../lib/gcc/avr/4.5.1/avr51\libgcc.a(_udivmodsi4.o)
                              atmelflash.o (__udivmodsi4)
c:/program files (x86)/atmel/avr studio 5.0/avr toolchain/bin/../lib/gcc/avr/4.5.1/avr51\libgcc.a(_divmodsi4.o)
                              fsapi.o (__divmodsi4)
c:/program files (x86)/atmel/avr studio 5.0/avr toolchain/bin/../lib/gcc/avr/4.5.1/avr51\libgcc.a(_exit.o)
                              c:/program files (x86)/atmel/avr studio 5.0/avr toolchain/bin/../lib/gcc/avr/4.5.1/../../../../avr/lib/avr51/crtm128.o (exit)
c:/program files (x86)/atmel/avr studio 5.0/avr toolchain/bin/../lib/gcc/avr/4.5.1/avr51\libgcc.a(_copy_data.o)
                              apptesthopping.o (__do_copy_data)
c:/program files (x86)/atmel/avr studio 5.0/avr toolchain/bin/../lib/gcc/avr/4.5.1/avr51\libgcc.a(_clear_bss.o)
                              apptesthopping.o (__do_clear_bss)
c:/program files (x86)/atmel/avr studio 5.0/avr toolchain/bin/../lib/gcc/avr/4.5.1/../../../../avr/lib/avr51\libc.a(rand.o)
                              math.o (rand)
c:/program files (x86)/atmel/avr studio 5.0/avr toolchain/bin/../lib/gcc/avr/4.5.1/../../../../avr/lib/avr51\libc.a(eerd_block_atmega128.o)
                              ioeeprom.o (__eerd_block_m128)
c:/program files (x86)/atmel/avr studio 5.0/avr toolchain/bin/../lib/gcc/avr/4.5.1/../../../../avr/lib/avr51\libc.a(eerd_byte_atmega128.o)
                              ioeeprom.o (__eerd_byte_m128)
c:/program files (x86)/atmel/avr studio 5.0/avr toolchain/bin/../lib/gcc/avr/4.5.1/../../../../avr/lib/avr51\libc.a(eerd_word_atmega128.o)
                              ioeeprom.o (__eerd_word_m128)
c:/program files (x86)/atmel/avr studio 5.0/avr toolchain/bin/../lib/gcc/avr/4.5.1/../../../../avr/lib/avr51\libc.a(eewr_block_atmega128.o)
                              ioeeprom.o (__eewr_block_m128)
c:/program files (x86)/atmel/avr studio 5.0/avr toolchain/bin/../lib/gcc/avr/4.5.1/../../../../avr/lib/avr51\libc.a(eewr_byte_atmega128.o)
                              ioeeprom.o (__eewr_byte_m128)
c:/program files (x86)/atmel/avr studio 5.0/avr toolchain/bin/../lib/gcc/avr/4.5.1/../../../../avr/lib/avr51\libc.a(eewr_word_atmega128.o)
                              ioeeprom.o (__eewr_word_m128)

Allocating common symbols
Common symbol       size              file

tmp                 0x2               packethandler.o
hplcc2420fifom_txlength
                    0x1               hplcc2420fifom.o
TimerM_queue_tail   0x1               timerraw.o
TimerM_mState       0x4               timerraw.o
channelhopbuffer    0xfa              apptesthopping.o
fidtable            0x14              fs_structure.o
timediff            0x4               threadkernel.o
shellbuffer         0x100             commandhandle.o
HPLCC2420M_ramlen   0x1               hplcc2420m.o
fp                  0x2               commandhandle.o
historyvalue        0x4               clockraw.o
radiosocketdata     0x7               socketradiodata.o
cc2420radiom_rxbufptr
                    0x2               cc2420radiom.o
TimerM_queue_size   0x1               timerraw.o
hplcc2420fifom_bSpiAvail
                    0x1               hplcc2420fifom.o
cc2420controlm_state
                    0x1               cc2420controlm.o
old_stack_ptr       0x2               threadkernel.o
hplcc2420interruptm_FIFOWaitForState
                    0x1               hplcc2420interruptm.o
switchToThreadTime  0x4               threadkernel.o
openedfile          0x2               commandhandle.o
br_state            0x1b              commandhandle.o
filenameid          0x11              nodeconfig.o
flag                0x1               libserial.o
position            0x2               socketfile.o
createthreadname    0xc               commandhandle.o
alcounter           0x4               hplcc2420interruptm.o
ahcounter           0x2               hplcc2420interruptm.o
HPLCC2420M_rambuf   0x2               hplcc2420m.o
current_thread      0x2               threadkernel.o
filehandle          0x2               socketfile.o
mythread            0x2               libradio.o
CC2420_RFPOWER      0x1               cc2420controlm.o
filemodeaddr        0x5               socketfile.o
thread_table        0x75              threadkernel.o
cc2420radiom_currentDSN
[...]
Memory Configuration

Name             Origin             Length             Attributes
text             0x00000000         0x00020000         xr
data             0x00800100         0x0000ff00         rw !x
eeprom           0x00810000         0x00010000         rw !x
fuse             0x00820000         0x00000400         rw !x
lock             0x00830000         0x00000400         rw !x
signature        0x00840000         0x00000400         rw !x
*default*        0x00000000         0xffffffff

Linker script and memory map

Address of section .data set to 0x800100
LOAD c:/program files (x86)/atmel/avr studio 5.0/avr toolchain/bin/../lib/gcc/avr/4.5.1/../../../../avr/lib/avr51/crtm128.o
Address of section .bootloader set to 0x1e000
Address of section .systemcall.1 set to 0x1d400
Address of section .systemcall.2 set to 0x1d500
Address of section .systemcall.3 set to 0x1d600
Address of section .systemcall.4 set to 0x1d700
Address of section .systemcall.5 set to 0x1d800
Address of section .systemcall.6 set to 0x1d900
Address of section .systemcall.7 set to 0x1da00
Address of section .systemcall.8 set to 0x1db00
Address of section .systemcall.9 set to 0x1dc00
Address of section .systemcall.10 set to 0x1dd00
Address of section .systemcall.11 set to 0x1de00
LOAD apptesthopping.o
LOAD libleds.o
LOAD socketadc.o
LOAD socketeeprom.o
LOAD socketfile.o
LOAD socketradiocontrol.o
LOAD socketradiodata.o
LOAD socketthread.o
LOAD eventlogger.o
LOAD realmain.o
LOAD bootloader.o
LOAD nodeconfig.o
LOAD avrhardware.o
LOAD micazhardware.o
LOAD serialprint.o
LOAD stdserial.o
LOAD amradio.o
LOAD packethandler.o
LOAD cc2420controlm.o
LOAD cc2420radiom.o
LOAD hplcc2420fifom.o
LOAD hplcc2420interruptm.o
LOAD hplcc2420m.o
LOAD hpltimer1.o
LOAD scheduling.o
LOAD threaddata.o
LOAD threadkernel.o
LOAD threadtools.o
LOAD adcdriver.o
LOAD leds.o
LOAD sounder.o
LOAD bytestorage.o
LOAD ioeeprom.o
LOAD fs_structure.o
LOAD fsapi.o
LOAD fsconfig.o
LOAD fsstring.o
LOAD inode.o
LOAD stdfsa.o
LOAD vectorflash.o
LOAD vectornode.o
LOAD atmelflash.o
LOAD pagestorage.o
LOAD clockraw.o
LOAD generictimer.o
LOAD globaltiming.o
LOAD timerraw.o
LOAD byteorder.o
LOAD string.o
LOAD types.o
LOAD math.o
LOAD commandhandle.o
LOAD syscall.o
LOAD libadc.o
LOAD libeeprom.o
LOAD libfile.o
LOAD libradio.o
LOAD libserial.o
LOAD libsounder.o
LOAD libstring.o
LOAD libsystem.o
LOAD libthread.o
LOAD libmutex.o
LOAD threadmodel.o
LOAD c:/program files (x86)/atmel/avr studio 5.0/avr toolchain/bin/../lib/gcc/avr/4.5.1/avr51\libgcc.a
LOAD c:/program files (x86)/atmel/avr studio 5.0/avr toolchain/bin/../lib/gcc/avr/4.5.1/../../../../avr/lib/avr51\libc.a
LOAD c:/program files (x86)/atmel/avr studio 5.0/avr toolchain/bin/../lib/gcc/avr/4.5.1/avr51\libgcc.a

.hash
 *(.hash)

.dynsym
 *(.dynsym)

.dynstr
 *(.dynstr)

.gnu.version
 *(.gnu.version)

.gnu.version_d
 *(.gnu.version_d)

.gnu.version_r
 *(.gnu.version_r)

.rel.init
 *(.rel.init)

.rela.init
 *(.rela.init)

.rel.text
 *(.rel.text)
 *(.rel.text.*)
 *(.rel.gnu.linkonce.t*)

.rela.text
 *(.rela.text)
 *(.rela.text.*)
 *(.rela.gnu.linkonce.t*)

.rel.fini
 *(.rel.fini)

.rela.fini
 *(.rela.fini)

.rel.rodata
 *(.rel.rodata)
 *(.rel.rodata.*)
 *(.rel.gnu.linkonce.r*)

.rela.rodata
 *(.rela.rodata)
 *(.rela.rodata.*)
 *(.rela.gnu.linkonce.r*)

.rel.data
 *(.rel.data)
 *(.rel.data.*)
 *(.rel.gnu.linkonce.d*)

.rela.data
 *(.rela.data)
 *(.rela.data.*)
 *(.rela.gnu.linkonce.d*)

.rel.ctors
 *(.rel.ctors)

.rela.ctors
 *(.rela.ctors)

.rel.dtors
 *(.rel.dtors)

.rela.dtors
 *(.rela.dtors)

.rel.got
 *(.rel.got)

.rela.got
 *(.rela.got)

.rel.bss
 *(.rel.bss)

.rela.bss
 *(.rela.bss)

.rel.plt
 *(.rel.plt)

.rela.plt
 *(.rela.plt)

.text           0x00000000     0x93aa
 *(.vectors)
 .vectors       0x00000000       0x8c c:/program files (x86)/atmel/avr studio 5.0/avr toolchain/bin/../lib/gcc/avr/4.5.1/../../../../avr/lib/avr51/crtm128.o
                0x00000000                __vector_default
                0x00000000                __vectors
 *(.vectors)
 *(.progmem.gcc*)
 *(.progmem*)
                0x0000008c                . = ALIGN (0x2)
                0x0000008c                __trampolines_start = .
 *(.trampolines)
 .trampolines   0x0000008c        0x0 linker stubs
 *(.trampolines*)
                0x0000008c                __trampolines_end = .
 *(.jumptables)
 *(.jumptables*)
 *(.lowtext)
 *(.lowtext*)
                0x0000008c                __ctors_start = .
 *(.ctors)
                0x0000008c                __ctors_end = .
                0x0000008c                __dtors_start = .
 *(.dtors)
                0x0000008c                __dtors_end = .
 SORT(*)(.ctors)
 SORT(*)(.dtors)
 *(.init0)
 .init0         0x0000008c        0x0 c:/program files (x86)/atmel/avr studio 5.0/avr toolchain/bin/../lib/gcc/avr/4.5.1/../../../../avr/lib/avr51/crtm128.o
                0x0000008c                __init
 *(.init0)
 *(.init1)
 *(.init1)
 *(.init2)
 .init2         0x0000008c        0xc c:/program files (x86)/atmel/avr studio 5.0/avr toolchain/bin/../lib/gcc/avr/4.5.1/../../../../avr/lib/avr51/crtm128.o
 *(.init2)
 *(.init3)
 *(.init3)
 *(.init4)
 .init4         0x00000098       0x1a c:/program files (x86)/atmel/avr studio 5.0/avr toolchain/bin/../lib/gcc/avr/4.5.1/avr51\libgcc.a(_copy_data.o)
                0x00000098                __do_copy_data
 .init4         0x000000b2       0x10 c:/program files (x86)/atmel/avr studio 5.0/avr toolchain/bin/../lib/gcc/avr/4.5.1/avr51\libgcc.a(_clear_bss.o)
                0x000000b2                __do_clear_bss
 *(.init4)
 *(.init5)
 *(.init5)
 *(.init6)
 *(.init6)
 *(.init7)
 *(.init7)
 *(.init8)
 *(.init8)
 *(.init9)
 .init9         0x000000c2        0x8 c:/program files (x86)/atmel/avr studio 5.0/avr toolchain/bin/../lib/gcc/avr/4.5.1/../../../../avr/lib/avr51/crtm128.o
 *(.init9)
 *(.text)
 .text          0x000000ca        0x4 c:/program files (x86)/atmel/avr studio 5.0/avr toolchain/bin/../lib/gcc/avr/4.5.1/../../../../avr/lib/avr51/crtm128.o
                0x000000ca                __vector_22
                0x000000ca                __vector_28
                0x000000ca                __vector_1
                0x000000ca                __vector_32
                0x000000ca                __vector_34
                0x000000ca                __vector_24
                0x000000ca                __bad_interrupt
                0x000000ca                __vector_6
                0x000000ca                __vector_31
                0x000000ca                __vector_3
                0x000000ca                __vector_23
                0x000000ca                __vector_30
                0x000000ca                __vector_25
                0x000000ca                __vector_13
                0x000000ca                __vector_17
                0x000000ca                __vector_19
                0x000000ca                __vector_27
                0x000000ca                __vector_5
                0x000000ca                __vector_33
                0x000000ca                __vector_4
                0x000000ca                __vector_9
                0x000000ca                __vector_2
                0x000000ca                __vector_29
                0x000000ca                __vector_8
                0x000000ca                __vector_14
                0x000000ca                __vector_10
                0x000000ca                __vector_16
                0x000000ca                __vector_20
 .text          0x000000ce       0x26 apptesthopping.o
                0x000000ce                channelhop
 .text          0x000000f4       0x48 libleds.o
                0x000000f4                lib_green_toggle
                0x000000fc                lib_red_toggle
                0x00000104                lib_yellow_toggle
                0x0000010c                lib_red_on
                0x00000114                lib_red_off
                0x0000011c                lib_green_on
                0x00000124                lib_green_off
                0x0000012c                lib_yellow_on
                0x00000134                lib_yellow_off
 .text          0x0000013c       0x6c socketadc.o
                0x0000013c                ADCLight
                0x0000014e                ADCTemp
                0x00000160                ADCMagX
                0x00000172                ADCMagY
                0x00000184                ADCAccX
                0x00000196                ADCAccY
 .text          0x000001a8       0x42 socketeeprom.o
                0x000001a8                getGenericStorageNodeAddress
                0x000001ae                genericReadTask
                0x000001cc                genericWriteTask
 .text          0x000001ea      0x184 socketfile.o
                0x000001ea                writefile_task
                0x00000210                readfile_task
                0x00000236                closefile_task
                0x0000024c                openfile_task
                0x0000026e                getFilePathAddress
                0x00000274                getFileModeAddress
                0x0000027a                openFileTask
                0x00000296                closeFileTask
                0x000002b6                readFileTask
                0x000002ee                writeFileTask
                0x00000326                seekFileTask
 .text          0x0000036e       0xd2 socketradiocontrol.o
                0x0000036e                setRadioFrequencyTask
                0x00000392                setRadioChannelTask
                0x000003b6                setRadioPowerTask
                0x000003da                SocketRadioSend
                0x000003f2                getRadioSendingBufferAddr
                0x000003f8                getRadioReceivingBufferAddr
                0x000003fe                registerReceiverHandle_syscall
 .text          0x00000440       0xae socketradiodata.o
                0x00000440                send_task
                0x000004ba                StandardSocketSend
 .text          0x000004ee        0xc socketthread.o
                0x000004ee                getCurrentThreadAddress
                0x000004f4                getThreadTableStart
 .text          0x000004fa       0xfa eventlogger.o
                0x000004fa                initTrace
                0x00000524                GenericInitTimerFired
                0x0000053a                addTrace
                0x0000058a                reportTrace
 .text          0x000005f4      0x13a realmain.o
                0x000005f4                main
 .text          0x0000072e        0x0 bootloader.o
 .text          0x0000072e       0x32 nodeconfig.o
                0x0000072e                node_readnodestring
                0x00000734                node_writenodeid
                0x00000740                node_readnodeid
                0x0000074a                node_setradiochannel
                0x00000756                node_getradiochannel
 .text          0x00000760      0x582 avrhardware.o
                0x00000760                wait_cycle
                0x00000766                _atomic_sleep
                0x00000770                _avr_sleep
                0x00000774                _avr_enable_interrupt
                0x00000778                _avr_disable_interrupt
                0x0000077c                _atomic_start_avr
                0x00000782                _atomic_end_avr
                0x00000786                avr_resetNode
                0x0000078e                LITE_wait_250ns
                0x00000794                LITE_uwait
                0x000007b0                LITE_SET_RED_LED_PIN
                0x000007b4                LITE_CLR_RED_LED_PIN
                0x000007b8                LITE_READ_RED_LED_PIN
                0x000007c8                LITE_MAKE_RED_LED_OUTPUT
                0x000007cc                LITE_MAKE_RED_LED_INPUT
                0x000007d0                LITE_SET_GREEN_LED_PIN
                0x000007d4                LITE_CLR_GREEN_LED_PIN
                0x000007d8                LITE_READ_GREEN_LED_PIN
                0x000007e8                LITE_MAKE_GREEN_LED_OUTPUT
                0x000007ec                LITE_MAKE_GREEN_LED_INPUT
                0x000007f0                LITE_SET_YELLOW_LED_PIN
                0x000007f4                LITE_CLR_YELLOW_LED_PIN
                0x000007f8                LITE_READ_YELLOW_LED_PIN
                0x00000804                LITE_MAKE_YELLOW_LED_OUTPUT
                0x00000808                LITE_MAKE_YELLOW_LED_INPUT
                0x0000080c                LITE_SET_SERIAL_ID_PIN
                0x00000810                LITE_CLR_SERIAL_ID_PIN
                0x00000814                LITE_READ_SERIAL_ID_PIN
                0x00000824                LITE_MAKE_SERIAL_ID_OUTPUT
                0x00000828                LITE_MAKE_SERIAL_ID_INPUT
                0x0000082c                LITE_SET_BAT_MON_PIN
                0x00000830                LITE_CLR_BAT_MON_PIN
                0x00000834                LITE_READ_BAT_MON_PIN
                0x00000844                LITE_MAKE_BAT_MON_OUTPUT
                0x00000848                LITE_MAKE_BAT_MON_INPUT
                0x0000084c                LITE_SET_THERM_PWR_PIN
                0x00000850                LITE_CLR_THERM_PWR_PIN
                0x00000854                LITE_READ_THERM_PWR_PIN
                0x00000868                LITE_MAKE_THERM_PWR_OUTPUT
                0x0000086c                LITE_MAKE_THERM_PWR_INPUT
                0x00000870                LITE_SET_FLASH_SELECT_PIN
                0x00000874                LITE_CLR_FLASH_SELECT_PIN
                0x00000878                LITE_READ_FLASH_SELECT_PIN
                0x00000888                LITE_MAKE_FLASH_SELECT_OUTPUT
                0x0000088c                LITE_MAKE_FLASH_SELECT_INPUT
                0x00000890                LITE_SET_FLASH_CLK_PIN
                0x00000894                LITE_CLR_FLASH_CLK_PIN
                0x00000898                LITE_READ_FLASH_CLK_PIN
                0x000008a8                LITE_MAKE_FLASH_CLK_OUTPUT
                0x000008ac                LITE_MAKE_FLASH_CLK_INPUT
                0x000008b0                LITE_SET_FLASH_OUT_PIN
                0x000008b4                LITE_CLR_FLASH_OUT_PIN
                0x000008b8                LITE_READ_FLASH_OUT_PIN
                0x000008c8                LITE_MAKE_FLASH_OUT_OUTPUT
                0x000008cc                LITE_MAKE_FLASH_OUT_INPUT
                0x000008d0                LITE_SET_FLASH_IN_PIN
                0x000008d4                LITE_CLR_FLASH_IN_PIN
                0x000008d8                LITE_READ_FLASH_IN_PIN
                0x000008e8                LITE_MAKE_FLASH_IN_OUTPUT
                0x000008ec                LITE_MAKE_FLASH_IN_INPUT
                0x000008f0                LITE_SET_INT0_PIN
                0x000008f4                LITE_CLR_INT0_PIN
                0x000008f8                LITE_READ_INT0_PIN
                0x00000908                LITE_MAKE_INT0_OUTPUT
                0x0000090c                LITE_MAKE_INT0_INPUT
                0x00000910                LITE_SET_INT1_PIN
                0x00000914                LITE_CLR_INT1_PIN
                0x00000918                LITE_READ_INT1_PIN
                0x00000928                LITE_MAKE_INT1_OUTPUT
                0x0000092c                LITE_MAKE_INT1_INPUT
                0x00000930                LITE_SET_INT2_PIN
                0x00000934                LITE_CLR_INT2_PIN
                0x00000938                LITE_READ_INT2_PIN
                0x00000948                LITE_MAKE_INT2_OUTPUT
                0x0000094c                LITE_MAKE_INT2_INPUT
                0x00000950                LITE_SET_INT3_PIN
                0x00000954                LITE_CLR_INT3_PIN
                0x00000958                LITE_READ_INT3_PIN
                0x0000096c                LITE_MAKE_INT3_OUTPUT
                0x00000970                LITE_MAKE_INT3_INPUT
                0x00000974                LITE_SET_MOSI_PIN
                0x00000978                LITE_CLR_MOSI_PIN
                0x0000097c                LITE_READ_MOSI_PIN
                0x0000098c                LITE_MAKE_MOSI_OUTPUT
                0x00000990                LITE_MAKE_MOSI_INPUT
                0x00000994                LITE_SET_MISO_PIN
                0x00000998                LITE_CLR_MISO_PIN
                0x0000099c                LITE_READ_MISO_PIN
                0x000009ac                LITE_MAKE_MISO_OUTPUT
                0x000009b0                LITE_MAKE_MISO_INPUT
                0x000009b4                LITE_SET_SPI_SCK_PIN
                0x000009b8                LITE_CLR_SPI_SCK_PIN
                0x000009bc                LITE_READ_SPI_SCK_PIN
                0x000009cc                LITE_MAKE_SPI_SCK_OUTPUT
                0x000009d0                LITE_MAKE_SPI_SCK_INPUT
                0x000009d4                LITE_SET_PW0_PIN
                0x000009d8                LITE_CLR_PW0_PIN
                0x000009dc                LITE_READ_PW0_PIN
                0x000009e8                LITE_MAKE_PW0_OUTPUT
                0x000009ec                LITE_MAKE_PW0_INPUT
                0x000009f0                LITE_SET_PW1_PIN
                0x000009f4                LITE_CLR_PW1_PIN
                0x000009f8                LITE_READ_PW1_PIN
                0x00000a08                LITE_MAKE_PW1_OUTPUT
                0x00000a0c                LITE_MAKE_PW1_INPUT
                0x00000a10                LITE_SET_PW2_PIN
                0x00000a14                LITE_CLR_PW2_PIN
                0x00000a18                LITE_READ_PW2_PIN
                0x00000a28                LITE_MAKE_PW2_OUTPUT
                0x00000a2c                LITE_MAKE_PW2_INPUT
                0x00000a30                LITE_SET_PW3_PIN
                0x00000a34                LITE_CLR_PW3_PIN
                0x00000a38                LITE_READ_PW3_PIN
                0x00000a48                LITE_MAKE_PW3_OUTPUT
                0x00000a4c                LITE_MAKE_PW3_INPUT
                0x00000a50                LITE_SET_PW4_PIN
                0x00000a54                LITE_CLR_PW4_PIN
                0x00000a58                LITE_READ_PW4_PIN
                0x00000a68                LITE_MAKE_PW4_OUTPUT
                0x00000a6c                LITE_MAKE_PW4_INPUT
                0x00000a70                LITE_SET_PW5_PIN
                0x00000a74                LITE_CLR_PW5_PIN
                0x00000a78                LITE_READ_PW5_PIN
                0x00000a88                LITE_MAKE_PW5_OUTPUT
                0x00000a8c                LITE_MAKE_PW5_INPUT
                0x00000a90                LITE_SET_PW6_PIN
                0x00000a94                LITE_CLR_PW6_PIN
                0x00000a98                LITE_READ_PW6_PIN
                0x00000aa8                LITE_MAKE_PW6_OUTPUT
                0x00000aac                LITE_MAKE_PW6_INPUT
                0x00000ab0                LITE_SET_PW7_PIN
                0x00000ab4                LITE_CLR_PW7_PIN
                0x00000ab8                LITE_READ_PW7_PIN
                0x00000acc                LITE_MAKE_PW7_OUTPUT
                0x00000ad0                LITE_MAKE_PW7_INPUT
                0x00000ad4                LITE_SET_I2C_BUS1_SCL_PIN
                0x00000ad8                LITE_CLR_I2C_BUS1_SCL_PIN
                0x00000adc                LITE_READ_I2C_BUS1_SCL_PIN
                0x00000ae8                LITE_MAKE_I2C_BUS1_SCL_OUTPUT
                0x00000aec                LITE_MAKE_I2C_BUS1_SCL_INPUT
                0x00000af0                LITE_SET_I2C_BUS1_SDA_PIN
                0x00000af4                LITE_CLR_I2C_BUS1_SDA_PIN
                0x00000af8                LITE_READ_I2C_BUS1_SDA_PIN
                0x00000b08                LITE_MAKE_I2C_BUS1_SDA_OUTPUT
                0x00000b0c                LITE_MAKE_I2C_BUS1_SDA_INPUT
                0x00000b10                LITE_SET_UART_RXD0_PIN
                0x00000b14                LITE_CLR_UART_RXD0_PIN
                0x00000b18                LITE_READ_UART_RXD0_PIN
                0x00000b24                LITE_MAKE_UART_RXD0_OUTPUT
                0x00000b28                LITE_MAKE_UART_RXD0_INPUT
                0x00000b2c                LITE_SET_UART_TXD0_PIN
                0x00000b30                LITE_CLR_UART_TXD0_PIN
                0x00000b34                LITE_READ_UART_TXD0_PIN
                0x00000b44                LITE_MAKE_UART_TXD0_OUTPUT
                0x00000b48                LITE_MAKE_UART_TXD0_INPUT
                0x00000b4c                LITE_SET_UART_XCK0_PIN
                0x00000b50                LITE_CLR_UART_XCK0_PIN
                0x00000b54                LITE_READ_UART_XCK0_PIN
                0x00000b64                LITE_MAKE_UART_XCK0_OUTPUT
                0x00000b68                LITE_MAKE_UART_XCK0_INPUT
                0x00000b6c                LITE_SET_AC_NEG_PIN
                0x00000b70                LITE_CLR_AC_NEG_PIN
                0x00000b74                LITE_READ_AC_NEG_PIN
                0x00000b84                LITE_MAKE_AC_NEG_OUTPUT
                0x00000b88                LITE_MAKE_AC_NEG_INPUT
                0x00000b8c                LITE_SET_UART_RXD1_PIN
                0x00000b90                LITE_CLR_UART_RXD1_PIN
                0x00000b94                LITE_READ_UART_RXD1_PIN
                0x00000ba4                LITE_MAKE_UART_RXD1_OUTPUT
                0x00000ba8                LITE_MAKE_UART_RXD1_INPUT
                0x00000bac                LITE_SET_UART_TXD1_PIN
                0x00000bb0                LITE_CLR_UART_TXD1_PIN
                0x00000bb4                LITE_READ_UART_TXD1_PIN
                0x00000bc4                LITE_MAKE_UART_TXD1_OUTPUT
                0x00000bc8                LITE_MAKE_UART_TXD1_INPUT
                0x00000bcc                LITE_SET_UART_XCK1_PIN
                0x00000bd0                LITE_CLR_UART_XCK1_PIN
                0x00000bd4                LITE_READ_UART_XCK1_PIN
                0x00000be4                LITE_MAKE_UART_XCK1_OUTPUT
                0x00000be8                LITE_MAKE_UART_XCK1_INPUT
                0x00000bec                LITE_SET_TONE_DECODE_SIGNAL_PIN
                0x00000bf2                LITE_CLR_TONE_DECODE_SIGNAL_PIN
                0x00000bf8                LITE_READ_TONE_DECODE_SIGNAL_PIN
                0x00000c02                LITE_MAKE_TONE_DECODE_SIGNAL_OUTPUT
                0x00000c08                LITE_MAKE_TONE_DECODE_SIGNAL_INPUT
                0x00000c0e                LITE_SET_PHOTO_CTL_PIN
                0x00000c14                LITE_CLR_PHOTO_CTL_PIN
                0x00000c1a                LITE_READ_PHOTO_CTL_PIN
                0x00000c20                LITE_MAKE_PHOTO_CTL_OUTPUT
                0x00000c26                LITE_MAKE_PHOTO_CTL_INPUT
                0x00000c2c                LITE_SET_TEMP_CTL_PIN
                0x00000c32                LITE_CLR_TEMP_CTL_PIN
                0x00000c38                LITE_READ_TEMP_CTL_PIN
                0x00000c3e                LITE_MAKE_TEMP_CTL_OUTPUT
                0x00000c44                LITE_MAKE_TEMP_CTL_INPUT
                0x00000c4a                LITE_SET_MIC_CTL_PIN
                0x00000c50                LITE_CLR_MIC_CTL_PIN
                0x00000c56                LITE_MAKE_MIC_CTL_OUTPUT
                0x00000c58                LITE_SET_SOUNDER_CTL_PIN
                0x00000c5e                LITE_CLR_SOUNDER_CTL_PIN
                0x00000c64                LITE_MAKE_SOUNDER_CTL_OUTPUT
                0x00000c66                LITE_SET_ACCEL_CTL_PIN
                0x00000c6c                LITE_CLR_ACCEL_CTL_PIN
                0x00000c72                LITE_MAKE_ACCEL_CTL_OUTPUT
                0x00000c74                LITE_SET_MAG_CTL_PIN
                0x00000c7a                LITE_CLR_MAG_CTL_PIN
                0x00000c80                LITE_MAKE_MAG_CTL_OUTPUT
                0x00000c82                LITE_SET_MIC_MUX_SEL_PIN
                0x00000c88                LITE_CLR_MIC_MUX_SEL_PIN
                0x00000c8e                LITE_MAKE_MIC_MUX_SEL_OUTPUT
                0x00000c90                LITE_SET_PIN_DIRECTIONS
 .text          0x00000ce2      0x166 micazhardware.o
                0x00000ce2                CC2420_FIFOP_INT_MODE
                0x00000cfa                LITE_SET_CC_RSTN_PIN
                0x00000cfe                LITE_CLR_CC_RSTN_PIN
                0x00000d02                LITE_READ_CC_RSTN_PIN
                0x00000d12                LITE_MAKE_CC_RSTN_OUTPUT
                0x00000d16                LITE_MAKE_CC_RSTN_INPUT
                0x00000d1a                LITE_SET_CC_VREN_PIN
                0x00000d1e                LITE_CLR_CC_VREN_PIN
                0x00000d22                LITE_READ_CC_VREN_PIN
                0x00000d32                LITE_MAKE_CC_VREN_OUTPUT
                0x00000d36                LITE_MAKE_CC_VREN_INPUT
                0x00000d3a                LITE_SET_CC_FIFOP_PIN
                0x00000d3e                LITE_CLR_CC_FIFOP_PIN
                0x00000d42                LITE_READ_CC_FIFOP_PIN
                0x00000d52                LITE_MAKE_CC_FIFOP_OUTPUT
                0x00000d56                LITE_MAKE_CC_FIFOP_INPUT
                0x00000d5a                LITE_SET_CC_FIFOP1_PIN
                0x00000d5e                LITE_CLR_CC_FIFOP1_PIN
                0x00000d62                LITE_READ_CC_FIFOP1_PIN
                0x00000d72                LITE_MAKE_CC_FIFOP1_OUTPUT
                0x00000d76                LITE_MAKE_CC_FIFOP1_INPUT
                0x00000d7a                LITE_SET_CC_CCA_PIN
                0x00000d7e                LITE_CLR_CC_CCA_PIN
                0x00000d82                LITE_READ_CC_CCA_PIN
                0x00000d92                LITE_MAKE_CC_CCA_OUTPUT
                0x00000d96                LITE_MAKE_CC_CCA_INPUT
                0x00000d9a                LITE_SET_CC_SFD_PIN
                0x00000d9e                LITE_CLR_CC_SFD_PIN
                0x00000da2                LITE_READ_CC_SFD_PIN
                0x00000db2                LITE_MAKE_CC_SFD_OUTPUT
                0x00000db6                LITE_MAKE_CC_SFD_INPUT
                0x00000dba                LITE_SET_CC_CS_PIN
                0x00000dbe                LITE_CLR_CC_CS_PIN
                0x00000dc2                LITE_READ_CC_CS_PIN
                0x00000dce                LITE_MAKE_CC_CS_OUTPUT
                0x00000dd2                LITE_MAKE_CC_CS_INPUT
                0x00000dd6                LITE_SET_CC_FIFO_PIN
                0x00000dda                LITE_CLR_CC_FIFO_PIN
                0x00000dde                LITE_READ_CC_FIFO_PIN
                0x00000df2                LITE_MAKE_CC_FIFO_OUTPUT
                0x00000df6                LITE_MAKE_CC_FIFO_INPUT
                0x00000dfa                LITE_SET_RADIO_CCA_PIN
                0x00000dfe                LITE_CLR_RADIO_CCA_PIN
                0x00000e02                LITE_READ_RADIO_CCA_PIN
                0x00000e12                LITE_MAKE_RADIO_CCA_OUTPUT
                0x00000e16                LITE_MAKE_RADIO_CCA_INPUT
                0x00000e1a                setCC2420Pins
 .text          0x00000e48      0x3e8 serialprint.o
                0x00000e48                initUSART
                0x00000e72                usartPrint
                0x00000e9a                usartPrint_base
                0x00000ec2                printString
                0x00000f0c                printStringN
                0x00000f5c                printStringN_base
                0x00000f9a                usartPutChipHex
                0x00000faa                usartPutLong2
                0x00000fe4                usartPutHex
                0x00000ffc                printInteger32
                0x00001026                printIntegerU32
                0x00001050                printStringLn
                0x00001070                usartPutLong
                0x000010b6                printInteger
                0x00001126                __vector_18
 .text          0x00001230       0xd0 stdserial.o
                0x00001230                printfstr
                0x00001262                printfstrln
                0x00001284                printfinteger32
                0x000012c2                printfuinteger32
 .text          0x00001300      0x16e amradio.o
                0x00001300                AMStandard_Control_init
                0x0000131a                AMStandard_socketradiocontrol_start
                0x00001320                AMStandard_Control_start
                0x0000132a                AMStandard_SendMsg_send
                0x000013a4                AMStandard_SendMsg_default_sendDone
                0x000013a8                AMStandard_SendMsg_sendDone
                0x000013ac                AMStandard_default_sendDone
                0x000013b0                AMStandard_sendDone
                0x000013b4                AMStandard_ReceiveMsg_default_receive
                0x000013b8                AMStandard_ReceiveMsg_receive
                0x000013bc                received
                0x00001422                AMStandard_RadioReceive_receive
                0x00001428                AMStandard_RadioSend_sendDone
                0x00001430                AMStandard_reportSendDone
                0x00001438                restoreRadioState
                0x00001442                AMStandard_RadioSend_send
                0x00001458                AMStandard_sendTask
 .text          0x0000146e      0x1e0 packethandler.o
                0x0000146e                initRadioHandle
                0x00001484                registerEvent
                0x000014e0                deRegisterEvent
                0x00001524                Standard_Receive_Packet
                0x00001622                deleteThreadRegistrationInReceiverHandles
 .text          0x0000164e      0x3b2 cc2420controlm.o
                0x0000164e                cc2420controlm_taskInitDone
                0x00001654                cc2420controlm_CCA_startWait
                0x0000165a                cc2420controlm_CC2420Control_VREFOn
                0x0000166a                cc2420controlm_CC2420Control_VREFOff
                0x0000167a                cc2420controlm_SplitControl_initDone
                0x00001680                cc2420controlm_HPLChipcon_cmd
                0x00001686                cc2420controlm_HPLChipcon_write
                0x0000168c                cc2420controlm_CC2420Control_OscillatorOn
                0x000016a6                cc2420controlm_HPLChipconControl_start
                0x000016ac                cc2420controlm_SplitControl_start
                0x000016f2                cc2420controlm_CC2420Control_RxMode
                0x000016fc                cc2420controlm_SplitControl_startDone
                0x00001702                cc2420controlm_CC2420Control_TuneManual
                0x00001734                cc2420controlm_CC2420Control_TuneChannel
                0x00001748                cc2420controlm_CC2420Control_TunePower
                0x00001780                cc2420controlm_HPLChipconRAM_writeDone
                0x00001784                cc2420controlm_HPLChipconRAM_write
                0x0000178a                cc2420controlm_CC2420Control_setShortAddress
                0x000017ba                cc2420controlm_HPLChipcon_read
                0x000017c0                cc2420controlm_SetRegs
                0x000018a0                cc2420controlm_PostOscillatorOn
                0x000018d6                cc2420controlm_CCA_fired
                0x000018ee                cc2420controlm_HPLChipconControl_init
                0x00001906                cc2420controlm_SplitControl_init
 .text          0x00001a00      0x5a0 cc2420radiom.o
                0x00001a00                cc2420radiom_PacketSent
                0x00001a2e                cc2420radiom_PacketRcvd
                0x00001a72                cc2420radiom_SplitControl_default_initDone
                0x00001a76                cc2420radiom_CC2420SplitControl_initDone
                0x00001a7a                cc2420radiom_SplitControl_init
                0x00001ab8                cc2420radiom_CC2420SplitControl_start
                0x00001abe                cc2420radiom_SplitControl_start
                0x00001af8                cc2420radiom_startRadio
                0x00001b20                cc2420radiom_StdControl_start
                0x00001b5a                cc2420radiom_SplitControl_default_startDone
                0x00001b5e                cc2420radiom_SplitControl_startDone
                0x00001b62                cc2420radiom_SFD_enableCapture
                0x00001b68                cc2420radiom_HPLChipcon_cmd
                0x00001b6e                cc2420radiom_HPLChipconFIFO_writeTXFIFO
                0x00001b74                cc2420radiom_FIFOP_startWait
                0x00001b7a                cc2420radiom_CC2420Control_RxMode
                0x00001b80                cc2420radiom_CC2420SplitControl_startDone
                0x00001bb6                cc2420radiom_HPLChipcon_read
                0x00001bbc                cc2420radiom_FIFOP_disable
                0x00001bc2                cc2420radiom_Receive_receive
                0x00001bc8                cc2420radiom_HPLChipconFIFO_readRXFIFO
                0x00001bce                cc2420radiom_Send_sendDone
                0x00001bd4                cc2420radiom_SFD_disable
                0x00001bda                cc2420radiom_sendFailed
                0x00001c00                cc2420radiom_SFD_captured
                0x00001c70                cc2420radiom_Send_send
                0x00001d12                cc2420radiom_startSend
                0x00001d3e                cc2420radiom_sendPacket
                0x00001d62                cc2420radiom_flushRXFIFO
                0x00001d8c                cc2420radiom_HPLChipconFIFO_RXFIFODone
                0x00001e86                cc2420radiom_FIFOP_fired
                0x00001ec0                cc2420radiom_tryToSend
                0x00001f0a                cc2420radiom_HPLChipconFIFO_TXFIFODone
                0x00001f12                cc2420radiom_delayedRXFIFO
                0x00001f8e                cc2420radiom_delayedRXFIFOtask
                0x00001f94                cc2420radiom_SplitControl_initDone
                0x00001f98                restorecc2420state
 .text          0x00001fa0      0x20e hplcc2420fifom.o
                0x00001fa0                hplcc2420fifom_signalRXdone
                0x00001fce                hplcc2420fifom_signalTXdone
                0x00001ffc                hplcc2420fifom_HPLCC2420FIFO_TXFIFODone
                0x00002002                hplcc2420fifom_HPLCC2420FIFO_writeTXFIFO
                0x000020c0                hplcc2420fifom_HPLCC2420FIFO_RXFIFODone
                0x000020c6                hplcc2420fifom_HPLCC2420FIFO_readRXFIFO
 .text          0x000021ae      0x226 hplcc2420interruptm.o
                0x000021ae                __vector_7
                0x0000226c                hplcc2420interruptm_FIFOP_startWait
                0x00002292                hplcc2420interruptm_FIFOP_disable
                0x0000229c                hplcc2420interruptm_FIFOP_fired
                0x000022a2                hplcc2420interruptm_FIFOTimer_start
                0x000022b2                hplcc2420interruptm_FIFO_default_fired
                0x000022b6                hplcc2420interruptm_FIFO_fired
                0x000022ba                hplcc2420interruptm_FIFOTimer_fired
                0x000022e6                hplcc2420interruptm_CCA_fired
                0x000022ec                hplcc2420interruptm_CCATimer_start
                0x000022fc                hplcc2420interruptm_CCA_startWait
                0x00002326                hplcc2420interruptm_CCATimer_fired
                0x00002360                hplcc2420interruptm_SFDCapture_enableEvents
                0x00002366                hplcc2420interruptm_SFDCapture_clearOverflow
                0x0000236c                hplcc2420interruptm_SFDCapture_setEdge
                0x00002372                hplcc2420interruptm_SFDCapture_disableEvents
                0x00002378                hplcc2420interruptm_SFD_enableCapture
                0x000023a4                hplcc2420interruptm_SFD_disable
                0x000023ac                hplcc2420interruptm_SFD_captured
                0x000023b2                hplcc2420interruptm_SFDCapture_isOverflowPending
                0x000023b8                hplcc2420interruptm_SFDCapture_captured
 .text          0x000023d4      0x248 hplcc2420m.o
                0x000023d4                HPLCC2420M_signalRAMWr
                0x000023ee                HPLCC2420M_StdControl_init
                0x00002456                HPLCC2420M_HPLCC2420RAM_writeDone
                0x0000245c                HPLCC2420M_HPLCC2420RAM_write
                0x00002512                HPLCC2420M_HPLCC2420_write
                0x00002574                HPLCC2420M_HPLCC2420_cmd
                0x000025aa                HPLCC2420M_HPLCC2420_read
 .text          0x0000261c      0x2d0 hpltimer1.o
                0x0000261c                HPLTimer1M_StdControl_init
                0x0000263a                HPLTimer1M_Timer1_setRate
                0x0000268c                HPLTimer1M_StdControl_stop
                0x000026b0                HPLTimer1M_StdControl_start
                0x000026ea                HPLTimer1M_CaptureT1_enableEvents
                0x000026fe                HPLTimer1M_CaptureT1_clearOverflow
                0x00002706                HPLTimer1M_CaptureT1_disableEvents
                0x00002714                HPLTimer1M_Timer1_default_fire
                0x00002718                HPLTimer1M_Timer1_fire
                0x0000271c                HPLTimer1M_CaptureT1_getEvent
                0x0000273c                HPLTimer1M_CaptureT1_captured
                0x00002742                __vector_11
                0x000027f4                HPLTimer1M_CaptureT1_isOverflowPending
                0x000027fa                HPLTimer1M_CaptureT1_setEdge
                0x00002812                __vector_12
 .text          0x000028ec      0x128 scheduling.o
                0x000028ec                initScheduling
                0x00002910                postTask
                0x00002980                runNextTask
 .text          0x00002a14        0x6 threaddata.o
                0x00002a14                call_fcn_ptr
 .text          0x00002a1a      0x5f4 threadkernel.o
                0x00002a1a                thread_init
                0x00002a60                is_thread
                0x00002a78                create_thread
                0x00002c08                setThreadTerminateFunction
                0x00002c26                lite_switch_to_user_thread
                0x00002cf0                thread_task
                0x00002e72                thread_yield
                0x00002f1c                destroy_user_thread
                0x00002f78                thread_func_dispatcher
                0x00002f8c                sleepThread
                0x00002fb4                thread_wakeup
                0x00002ff4                postNewThreadTask
 .text          0x0000300e      0x20a threadtools.o
                0x0000300e                memory_conflict_detect
                0x000030d0                check_for_memory_corrupt
                0x00003136                ServiceTimerFired
                0x00003154                getKernelStackAddress
                0x0000315a                getThreadIndexAddress
                0x00003196                barrier_unblock
 .text          0x00003218       0xc6 adcdriver.o
                0x00003218                __vector_21
                0x00003230                adcdriver_init_adc
                0x00003238                get_adc
                0x0000326a                get_light
                0x00003280                get_temp
                0x00003296                get_magx
                0x000032a8                get_magy
                0x000032ba                get_accx
                0x000032cc                get_accy
 .text          0x000032de      0x1d8 leds.o
                0x000032de                Leds_Leds
                0x00003318                Leds_redOn
                0x00003344                Leds_redOff
                0x00003370                Leds_redToggle
                0x000033a2                Leds_greenOn
                0x000033ce                Leds_greenOff
                0x000033fa                Leds_greenToggle
                0x0000342c                Leds_yellowOn
                0x00003458                Leds_yellowOff
                0x00003484                Leds_yellowToggle
 .text          0x000034b6       0x6e sounder.o
                0x000034b6                sounder_init
                0x000034d8                sounderOn
                0x000034fe                sounderOff
 .text          0x00003524       0x5a bytestorage.o
                0x00003524                genericreadBytes
                0x0000352a                genericwriteBytes
                0x00003530                initBytes
                0x00003536                read8uint
                0x0000353c                read8int
                0x00003542                read16uint
                0x00003548                read16int
                0x0000354e                read32uint
                0x00003554                read32int
                0x0000355a                write8uint
                0x00003560                write8int
                0x00003566                write16uint
                0x0000356c                write16int
                0x00003572                write32uint
                0x00003578                write32int
 .text          0x0000357e      0x3a8 ioeeprom.o
                0x0000357e                eeprom_readBytes
                0x00003592                eeprom_writeBytes
                0x000035a6                eeprom_read8uint
                0x000035d4                eeprom_read8int
                0x00003602                eeprom_read16uint
                0x00003644                eeprom_read16int
                0x00003686                eeprom_write8uint
                0x000036c0                eeprom_write8int
                0x000036fa                eeprom_write16uint
                0x0000372c                eeprom_write16int
                0x0000375e                eeprom_read32uint
                0x000037ba                eeprom_read32int
                0x00003816                eeprom_write32uint
                0x0000386a                eeprom_write32int
                0x000038d6                eeprom_initBytes
 .text          0x00003926       0xa2 fs_structure.o
                0x00003926                checkFsValid
                0x00003940                initFidTable
                0x0000394a                getFreeFid
                0x000039a0                releaseFid
                0x000039be                releaseAllFid
 .text          0x000039c8      0xb4a fsapi.o
                0x000039c8                fsopen
                0x00003a92                fclose2
                0x00003a9e                fseek2
                0x00003b66                fexist2
                0x00003b9c                fcreatedir2
                0x00003bf8                fdelete2
                0x00003c16                fcheckFSAllocation
                0x00003c1c                fcheckStorageAllocation
                0x00003c22                fsprintall
                0x00003c4a                fread2
                0x00003e1c                fwrite2
                0x000040a2                fmove
                0x00004164                fcopy
                0x0000426a                fchangedir
                0x0000428c                fcurrentdir
                0x00004374                finfonode
                0x000043c4                fsearch
                0x00004426                formatSystem
                0x0000442c                fdirnode
 .text          0x00004512      0x156 fsconfig.o
                0x00004512                fsread8uint
                0x00004526                fsread8int
                0x0000453a                fsread16uint
                0x0000454e                fsread16int
                0x00004562                fsread32uint
                0x00004576                fsread32int
                0x0000458a                fswrite8uint
                0x000045a0                fswrite8int
                0x000045b6                fswrite16uint
                0x000045ce                fswrite16int
                0x000045e6                fswrite32uint
                0x00004600                fswrite32int
                0x0000461a                fsreadBytes
                0x00004634                fswriteBytes
                0x0000464e                fsinitBytes
 .text          0x00004668       0xbe fsstring.o
                0x00004668                extractString
                0x000046a0                extractLastName
                0x000046ce                fileMode
 .text          0x00004726      0x576 inode.o
                0x00004726                checkNodeValid
                0x0000475a                buildNewNode
                0x00004874                printNode
                0x00004936                formatFS
                0x00004964                formatFSLite
                0x0000496e                deleteNode
                0x00004b4e                buildRootNode
                0x00004b66                copyVectorNode
                0x00004ba2                copyVectorPage
                0x00004bfa                inodeMatch
 .text          0x00004c9c      0x6d6 stdfsa.o
                0x00004c9c                checkName
                0x00004d1a                fullBlock
                0x00004d4c                getName
                0x00004d9e                changeDirectory
                0x00004dee                getParentDirectory
                0x00004dfa                existBlock
                0x00004e5c                existBlockAddr
                0x00004ec0                getPwd
                0x00004eca                setPwd
                0x00004ed4                emptyDirectory
                0x00004f0c                createDir
                0x00004f54                createFileFromDirectory
                0x00004f9c                isDirectory
                0x00004fb2                locateFileName
                0x000050fc                freeBlocks
                0x0000512e                openFile
                0x00005224                getRealSector
                0x00005254                newSector
                0x000052d0                addChildNode
                0x0000532c                removeChildNode
 .text          0x00005372      0x190 vectorflash.o
                0x000053b6                writeVectorFlashToExternalStorage
                0x000053c8                readVectorFlashFromExternalStorage
                0x000053da                initVectorFlash
                0x000053ea                getFlashPage
                0x0000544a                scanVectorFlash
                0x000054ac                releaseFlashPage
                0x000054b8                countVectorFlash
                0x00005500                printVectorFlash
 .text          0x00005502      0x18e vectornode.o
                0x00005502                writeVectorNodeToExternalStorage
                0x00005514                readVectorNodeFromExternalStorage
                0x00005526                getbit
                0x00005550                setbit
                0x00005592                initVectorNode
                0x000055a2                getVectorNode
                0x000055ea                scanVectorNode
                0x00005638                releaseVectorNode
                0x0000564c                countVectorNode
 .text          0x00005690      0xb64 atmelflash.o
                0x00005c1e                atmel_flash_init
                0x00005c68                readFlash
                0x00005d48                writeFlash
                0x00005e28                copyFlash
                0x00005e66                atmel_flash_compare
                0x0000603e                atmel_flash_crc
                0x000061e8                atmel_flash_pagesize
                0x000061ee                atmel_flash_pagenumber
 .text          0x000061f4       0x24 pagestorage.o
                0x000061f4                getpagesize
                0x000061fa                getpagenumber
                0x00006200                pagestorageinit
                0x00006206                readpagestorage
                0x0000620c                writepagestorage
                0x00006212                copyPage
 .text          0x00006218      0x2e4 clockraw.o
                0x00006218                HPLClock_Timer3_Start
                0x0000627a                HPLClock_Timer3_Stop
                0x00006286                HPLClock_readTimeCounterHigh
                0x00006292                HPLClock_readTimeCounterLow
                0x00006334                HPLClock_Clock_readCounter
                0x00006338                HPLClock_Clock_getInterval
                0x0000633c                HPLClock_Clock_fire
                0x00006342                HPLClock_Clock_setInterval
                0x00006346                HPLClock_Clock_setRate
                0x0000638e                __vector_15
                0x00006468                __vector_26
 .text          0x000064fc      0x11c generictimer.o
                0x000064fc                GenericTimerInit
                0x00006542                GenericTimerStart
                0x00006548                GenericTimerStop
                0x0000654e                setTimerCallBackFunction
                0x00006570                timercallbackinvoke
                0x0000658c                GenericTimerFired
 .text          0x00006618       0xbc globaltiming.o
                0x00006618                getCurrentTimeStamp
                0x000066b6                getCurrentCounterHigh
                0x000066bc                getCurrentResolution
                0x000066c2                GenericTimingStart
                0x000066ce                GenericTimingStop
 .text          0x000066d4      0x51a timerraw.o
                0x000066d4                TimerM_StdControl_init
                0x0000670a                TimerM_Timer_stop
                0x000067b8                TimerM_Timer_start
                0x000068a4                TimerM_Clock_setRate
                0x000068aa                TimerM_adjustInterval
                0x0000697a                TimerM_enqueue
                0x000069a6                TimerM_HandleFire
                0x00006b3c                TimerM_Timer_default_fired
                0x00006b40                TimerM_Timer_fired
                0x00006b48                TimerM_dequeue
                0x00006b7c                TimerM_signalOneTimer
                0x00006b8a                TimerM_Clock_fire
                0x00006bd8                TimerM_StdControl_start
                0x00006bdc                TimerM_Clock_readCounter
                0x00006be2                TimerM_Clock_getInterval
                0x00006be8                TimerM_Clock_setInterval
 .text          0x00006bee       0x76 byteorder.o
                0x00006bee                is_host_lsb
                0x00006c1c                toLSB16
                0x00006c40                fromLSB16
 .text          0x00006c64      0x1b2 string.o
                0x00006c64                mystrcpy
                0x00006c88                mystrncpy
                0x00006caa                str_from_integer
                0x00006d4e                superstring
                0x00006d78                mystrncmp
                0x00006da8                mystrlen
                0x00006dc2                strappend
 .text          0x00006e16       0x56 types.o
                0x00006e16                rcombine
                0x00006e20                hex2value
                0x00006e3e                dec2asciichar
                0x00006e4a                _atomic_start
                0x00006e50                _atomic_end
                0x00006e56                nmemset
 .text          0x00006e6c        0x6 math.o
                0x00006e6c                getRandomNumber
 .text          0x00006e72     0x1344 commandhandle.o
                0x00006e72                WakeupMe
                0x00006e84                init_breakpoint_table
                0x00006e92                get_breakpoint_index
                0x00006ed8                reply_debugging_print
                0x00006f72                reply_debugging_set
                0x00006fb8                reply_debugging_insert_avr_breakpoint
                0x000070f8                reply_debugging_remove_avr_breakpoint
                0x00007238                reply_thread_state_snapshot_tofile
                0x0000735e                reply_thread_state_restore_fromfile
                0x00007480                reply_ls_networkname
                0x000074e0                reply_ls_nodename
                0x00007548                reply_ls_short
                0x0000754a                reply_ls_long
                0x000075e0                reply_mkdir
                0x00007684                reply_cp_fromPCtoNode_type1
                0x0000777e                reply_cp_fromPCtoNode_type2
                0x00007866                reply_cp_fromPCtoNode_type3
                0x00007886                reply_touch
                0x00007922                reply_fromNodeToPC_type1
                0x00007b3e                reply_rm
                0x00007be6                reply_fromNodeToPC_type2
                0x00007c56                reply126
                0x00007c64                reply_ps
                0x00007d66                reply_killthread
                0x00007eaa                reply_du
                0x00007f04                reply_search
                0x00007fcc                reply_formatSystem
                0x00007fd6                reply_nodeRestart
                0x00007fdc                InitShell
                0x00008024                commandHandle
                0x00008184                ShellThread
 .text          0x000081b6      0x254 syscall.o
                0x000081b6                getNodeIdTask
                0x000081da                setNodeIdTask
                0x00008206                getRandomTask
                0x0000822a                getCurrentThreadAddress_avr
                0x0000824e                getThreadIndexAddress_avr
                0x00008272                getThreadTableStart_avr
                0x00008296                postNewTask_avr
                0x000082d4                getStackPtrTask
                0x000082f8                getRadioSendingBuffer_avr
                0x0000831c                getReceiverBuffer_avr
                0x00008340                getEEPROMHandleInfo
                0x00008364                readEEPROMTask
                0x00008376                writeEEPROMTask
                0x00008388                getFilePathAddress_avr
                0x000083ac                getFileModeAddress_avr
                0x000083d0                getCPUCounterSyscall_avr
 .text          0x0000840a       0xe0 libadc.o
                0x0000840a                lib_get_light
                0x0000842a                lib_get_temp
                0x0000844a                lib_get_magx
                0x0000847a                lib_get_magy
                0x000084aa                lib_get_accx
                0x000084ca                lib_get_accy
 .text          0x000084ea       0xa6 libeeprom.o
                0x000084ea                getCurrentEEPROMInfo
                0x00008500                lib_read_from_eeprom
                0x00008548                lib_writeToEEPROM
 .text          0x00008590      0x26a libfile.o
                0x00008590                lib_get_file_path_address
                0x000085a6                lib_get_file_mode_address
                0x000085bc                lib_open_file_syscall
                0x000085c4                lib_close_file_syscall
                0x000085cc                lib_read_file_syscall
                0x000085d4                lib_write_file_syscall
                0x000085dc                lib_seek_file_syscall
                0x000085e4                lib_mfopen
                0x00008654                lib_mfclose
                0x00008688                lib_mfread
                0x00008702                lib_mfwrite
                0x0000877c                lib_mfwrite_withoutlength
                0x000087a4                lib_mfseek
 .text          0x000087fa      0x202 libradio.o
                0x000087fa                lib_wakeup_mythread
                0x0000880c                lib_radio_send_msg_syscall
                0x00008814                lib_get_current_radio_receive_handle_addr
                0x0000882a                lib_radio_set_freq
                0x0000883e                lib_radio_set_channel
                0x00008854                lib_radio_set_power
                0x0000886a                lib_get_current_radio_send_addr
                0x00008880                lib_radio_send_msg
                0x000088da                lib_radio_send_integer_u16
                0x00008900                lib_radio_send_string
                0x00008920                lib_radio_receive_timed
                0x000089f2                lib_radio_receive
 .text          0x000089fc      0x340 libserial.o
                0x000089fc                itoa
                0x00008ae2                lib_init_usart
                0x00008b0c                lib_print_usart_char
                0x00008b36                lib_print_usart_long
                0x00008b80                lib_printf_string_source_disabled
                0x00008bda                lib_printf_string
                0x00008c48                lib_printf_integer32
                0x00008caa                lib_printf_uinteger32
                0x00008d0c                lib_printf_ln
 .text          0x00008d3c       0x10 libsounder.o
                0x00008d3c                lib_sounder_on
                0x00008d44                lib_sounder_off
 .text          0x00008d4c      0x1a0 libstring.o
                0x00008d4c                lib_hex2value
                0x00008d6a                lib_string_length
                0x00008d84                lib_mystrncpy
                0x00008da4                lib_mystrcpy
                0x00008dc8                lib_dec2char
                0x00008dd4                lib_string_int_to_string
                0x00008e60                lib_string_append
                0x00008eb4                lib_string_split
 .text          0x00008eec       0x6a libsystem.o
                0x00008eec                lib_random
                0x00008f02                lib_get_node_id
                0x00008f18                lib_set_node_id
                0x00008f2c                get_current_timestamp
 .text          0x00008f56       0xe4 libthread.o
                0x00008f56                lib_get_current_thread
                0x00008f6c                lib_get_kernel_stack_ptr
                0x00008f82                lib_get_current_thread_index
                0x00008f96                lib_get_thread_table_start
                0x00008fac                lib_sleep_thread
                0x00008fd8                lib_hibernate_thread
                0x00008fee                lib_yield
                0x00008ff6                syscall_post_thread_task
                0x00008ffe                lib_post_new_task
                0x0000901e                lib_set_thread_termination_handler
 .text          0x0000903a       0x54 libmutex.o
                0x0000903a                lib_file_barrier_block
 .text          0x0000908e       0xe2 threadmodel.o
                0x0000908e                thread_get_next
 .text          0x00009170        0x0 c:/program files (x86)/atmel/avr studio 5.0/avr toolchain/bin/../lib/gcc/avr/4.5.1/avr51\libgcc.a(_mulsi3.o)
 .text          0x00009170        0x0 c:/program files (x86)/atmel/avr studio 5.0/avr toolchain/bin/../lib/gcc/avr/4.5.1/avr51\libgcc.a(_udivmodhi4.o)
 .text          0x00009170        0x0 c:/program files (x86)/atmel/avr studio 5.0/avr toolchain/bin/../lib/gcc/avr/4.5.1/avr51\libgcc.a(_divmodhi4.o)
 .text          0x00009170        0x0 c:/program files (x86)/atmel/avr studio 5.0/avr toolchain/bin/../lib/gcc/avr/4.5.1/avr51\libgcc.a(_udivmodsi4.o)
 .text          0x00009170        0x0 c:/program files (x86)/atmel/avr studio 5.0/avr toolchain/bin/../lib/gcc/avr/4.5.1/avr51\libgcc.a(_divmodsi4.o)
 .text          0x00009170        0x0 c:/program files (x86)/atmel/avr studio 5.0/avr toolchain/bin/../lib/gcc/avr/4.5.1/avr51\libgcc.a(_exit.o)
 .text          0x00009170        0x0 c:/program files (x86)/atmel/avr studio 5.0/avr toolchain/bin/../lib/gcc/avr/4.5.1/avr51\libgcc.a(_copy_data.o)
 .text          0x00009170        0x0 c:/program files (x86)/atmel/avr studio 5.0/avr toolchain/bin/../lib/gcc/avr/4.5.1/avr51\libgcc.a(_clear_bss.o)
 .text          0x00009170        0x0 c:/program files (x86)/atmel/avr studio 5.0/avr toolchain/bin/../lib/gcc/avr/4.5.1/../../../../avr/lib/avr51\libc.a(rand.o)
 .text          0x00009170        0x0 c:/program files (x86)/atmel/avr studio 5.0/avr toolchain/bin/../lib/gcc/avr/4.5.1/../../../../avr/lib/avr51\libc.a(eerd_block_atmega128.o)
 .text          0x00009170        0x0 c:/program files (x86)/atmel/avr studio 5.0/avr toolchain/bin/../lib/gcc/avr/4.5.1/../../../../avr/lib/avr51\libc.a(eerd_byte_atmega128.o)
 .text          0x00009170        0x0 c:/program files (x86)/atmel/avr studio 5.0/avr toolchain/bin/../lib/gcc/avr/4.5.1/../../../../avr/lib/avr51\libc.a(eerd_word_atmega128.o)
 .text          0x00009170        0x0 c:/program files (x86)/atmel/avr studio 5.0/avr toolchain/bin/../lib/gcc/avr/4.5.1/../../../../avr/lib/avr51\libc.a(eewr_block_atmega128.o)
 .text          0x00009170        0x0 c:/program files (x86)/atmel/avr studio 5.0/avr toolchain/bin/../lib/gcc/avr/4.5.1/../../../../avr/lib/avr51\libc.a(eewr_byte_atmega128.o)
 .text          0x00009170        0x0 c:/program files (x86)/atmel/avr studio 5.0/avr toolchain/bin/../lib/gcc/avr/4.5.1/../../../../avr/lib/avr51\libc.a(eewr_word_atmega128.o)
                0x00009170                . = ALIGN (0x2)
 *(.text.*)
 .text.libgcc   0x00009170       0x3e c:/program files (x86)/atmel/avr studio 5.0/avr toolchain/bin/../lib/gcc/avr/4.5.1/avr51\libgcc.a(_mulsi3.o)
                0x00009170                __mulsi3
 .text.libgcc   0x000091ae       0x28 c:/program files (x86)/atmel/avr studio 5.0/avr toolchain/bin/../lib/gcc/avr/4.5.1/avr51\libgcc.a(_udivmodhi4.o)
                0x000091ae                __udivmodhi4
 .text.libgcc   0x000091d6       0x26 c:/program files (x86)/atmel/avr studio 5.0/avr toolchain/bin/../lib/gcc/avr/4.5.1/avr51\libgcc.a(_divmodhi4.o)
                0x000091d6                _div
                0x000091d6                __divmodhi4
 .text.libgcc   0x000091fc       0x44 c:/program files (x86)/atmel/avr studio 5.0/avr toolchain/bin/../lib/gcc/avr/4.5.1/avr51\libgcc.a(_udivmodsi4.o)
                0x000091fc                __udivmodsi4
 .text.libgcc   0x00009240       0x36 c:/program files (x86)/atmel/avr studio 5.0/avr toolchain/bin/../lib/gcc/avr/4.5.1/avr51\libgcc.a(_divmodsi4.o)
                0x00009240                __divmodsi4
 .text.libgcc   0x00009276        0x0 c:/program files (x86)/atmel/avr studio 5.0/avr toolchain/bin/../lib/gcc/avr/4.5.1/avr51\libgcc.a(_exit.o)
 .text.libgcc   0x00009276        0x0 c:/program files (x86)/atmel/avr studio 5.0/avr toolchain/bin/../lib/gcc/avr/4.5.1/avr51\libgcc.a(_copy_data.o)
 .text.libgcc   0x00009276        0x0 c:/program files (x86)/atmel/avr studio 5.0/avr toolchain/bin/../lib/gcc/avr/4.5.1/avr51\libgcc.a(_clear_bss.o)
 .text.avr-libc
                0x00009276       0xbc c:/program files (x86)/atmel/avr studio 5.0/avr toolchain/bin/../lib/gcc/avr/4.5.1/../../../../avr/lib/avr51\libc.a(rand.o)
                0x0000930c                rand_r
                0x00009312                rand
                0x0000931c                srand
 .text.avr-libc
                0x00009332       0x20 c:/program files (x86)/atmel/avr studio 5.0/avr toolchain/bin/../lib/gcc/avr/4.5.1/../../../../avr/lib/avr51\libc.a(eerd_block_atmega128.o)
                0x00009332                __eerd_block_m128
                0x00009336                __eerd_blraw_m128
 .text.avr-libc
                0x00009352       0x10 c:/program files (x86)/atmel/avr studio 5.0/avr toolchain/bin/../lib/gcc/avr/4.5.1/../../../../avr/lib/avr51\libc.a(eerd_byte_atmega128.o)
                0x00009352                __eerd_byte_m128
 .text.avr-libc
                0x00009362        0xc c:/program files (x86)/atmel/avr studio 5.0/avr toolchain/bin/../lib/gcc/avr/4.5.1/../../../../avr/lib/avr51\libc.a(eerd_word_atmega128.o)
                0x00009362                __eerd_word_m128
 .text.avr-libc
                0x0000936e       0x14 c:/program files (x86)/atmel/avr studio 5.0/avr toolchain/bin/../lib/gcc/avr/4.5.1/../../../../avr/lib/avr51\libc.a(eewr_block_atmega128.o)
                0x0000936e                __eewr_block_m128
 .text.avr-libc
                0x00009382       0x1a c:/program files (x86)/atmel/avr studio 5.0/avr toolchain/bin/../lib/gcc/avr/4.5.1/../../../../avr/lib/avr51\libc.a(eewr_byte_atmega128.o)
                0x00009382                __eewr_byte_m128
                0x00009384                __eewr_r18_m128
 .text.avr-libc
                0x0000939c        0xa c:/program files (x86)/atmel/avr studio 5.0/avr toolchain/bin/../lib/gcc/avr/4.5.1/../../../../avr/lib/avr51\libc.a(eewr_word_atmega128.o)
                0x0000939c                __eewr_word_m128
                0x000093a6                . = ALIGN (0x2)
 *(.fini9)
 .fini9         0x000093a6        0x0 c:/program files (x86)/atmel/avr studio 5.0/avr toolchain/bin/../lib/gcc/avr/4.5.1/avr51\libgcc.a(_exit.o)
                0x000093a6                _exit
                0x000093a6                exit
 *(.fini9)
 *(.fini8)
 *(.fini8)
 *(.fini7)
 *(.fini7)
 *(.fini6)
 *(.fini6)
 *(.fini5)
 *(.fini5)
 *(.fini4)
 *(.fini4)
 *(.fini3)
 *(.fini3)
 *(.fini2)
 *(.fini2)
 *(.fini1)
 *(.fini1)
 *(.fini0)
 .fini0         0x000093a6        0x4 c:/program files (x86)/atmel/avr studio 5.0/avr toolchain/bin/../lib/gcc/avr/4.5.1/avr51\libgcc.a(_exit.o)
 *(.fini0)
                0x000093aa                _etext = .

.data           0x00800100       0x5a load address 0x000093aa
                0x00800100                PROVIDE (__data_start, .)
 *(.data)
 .data          0x00800100        0x0 c:/program files (x86)/atmel/avr studio 5.0/avr toolchain/bin/../lib/gcc/avr/4.5.1/../../../../avr/lib/avr51/crtm128.o
 .data          0x00800100        0xf apptesthopping.o
 .data          0x0080010f        0x0 libleds.o
 .data          0x0080010f        0x0 socketadc.o
 .data          0x0080010f        0x0 socketeeprom.o
 .data          0x0080010f        0x0 socketfile.o
 .data          0x0080010f        0x0 socketradiocontrol.o
 .data          0x0080010f        0x0 socketradiodata.o
 .data          0x0080010f        0x0 socketthread.o
 .data          0x0080010f        0x0 eventlogger.o
 .data          0x0080010f       0x1f realmain.o
 .data          0x0080012e       0x18 bootloader.o
 .data          0x00800146        0x0 nodeconfig.o
 .data          0x00800146        0x0 avrhardware.o
 .data          0x00800146        0x0 micazhardware.o
 .data          0x00800146        0x0 serialprint.o
 .data          0x00800146        0x3 stdserial.o
 .data          0x00800149        0x0 amradio.o
 .data          0x00800149        0x0 packethandler.o
 .data          0x00800149        0x0 cc2420controlm.o
 .data          0x00800149        0x0 cc2420radiom.o
 .data          0x00800149        0x0 hplcc2420fifom.o
 .data          0x00800149        0x0 hplcc2420interruptm.o
 .data          0x00800149        0x0 hplcc2420m.o
 .data          0x00800149        0x0 hpltimer1.o
 .data          0x00800149        0x0 scheduling.o
 .data          0x00800149        0x0 threaddata.o
 .data          0x00800149        0x0 threadkernel.o
 .data          0x00800149        0x0 threadtools.o
 .data          0x00800149        0x0 adcdriver.o
 .data          0x00800149        0x0 leds.o
 .data          0x00800149        0x0 sounder.o
 .data          0x00800149        0x0 bytestorage.o
 .data          0x00800149        0x0 ioeeprom.o
 .data          0x00800149        0x0 fs_structure.o
 .data          0x00800149        0x0 fsapi.o
 .data          0x00800149        0x0 fsconfig.o
 .data          0x00800149        0x0 fsstring.o
 .data          0x00800149        0x5 inode.o
 .data          0x0080014e        0x0 stdfsa.o
 .data          0x0080014e        0x0 vectorflash.o
 .data          0x0080014e        0x0 vectornode.o
 .data          0x0080014e        0x0 atmelflash.o
 .data          0x0080014e        0x0 pagestorage.o
 .data          0x0080014e        0x0 clockraw.o
 .data          0x0080014e        0x0 generictimer.o
 .data          0x0080014e        0x0 globaltiming.o
 .data          0x0080014e        0x0 timerraw.o
 .data          0x0080014e        0x0 byteorder.o
 .data          0x0080014e        0x0 string.o
 .data          0x0080014e        0x0 types.o
 .data          0x0080014e        0x0 math.o
 .data          0x0080014e        0x4 commandhandle.o
 .data          0x00800152        0x0 syscall.o
 .data          0x00800152        0x0 libadc.o
 .data          0x00800152        0x0 libeeprom.o
 .data          0x00800152        0x0 libfile.o
 .data          0x00800152        0x0 libradio.o
 .data          0x00800152        0x3 libserial.o
 .data          0x00800155        0x0 libsounder.o
 .data          0x00800155        0x0 libstring.o
 .data          0x00800155        0x0 libsystem.o
 .data          0x00800155        0x0 libthread.o
 .data          0x00800155        0x0 libmutex.o
 .data          0x00800155        0x0 threadmodel.o
 .data          0x00800155        0x0 c:/program files (x86)/atmel/avr studio 5.0/avr toolchain/bin/../lib/gcc/avr/4.5.1/avr51\libgcc.a(_mulsi3.o)
 .data          0x00800155        0x0 c:/program files (x86)/atmel/avr studio 5.0/avr toolchain/bin/../lib/gcc/avr/4.5.1/avr51\libgcc.a(_udivmodhi4.o)
 .data          0x00800155        0x0 c:/program files (x86)/atmel/avr studio 5.0/avr toolchain/bin/../lib/gcc/avr/4.5.1/avr51\libgcc.a(_divmodhi4.o)
 .data          0x00800155        0x0 c:/program files (x86)/atmel/avr studio 5.0/avr toolchain/bin/../lib/gcc/avr/4.5.1/avr51\libgcc.a(_udivmodsi4.o)
 .data          0x00800155        0x0 c:/program files (x86)/atmel/avr studio 5.0/avr toolchain/bin/../lib/gcc/avr/4.5.1/avr51\libgcc.a(_divmodsi4.o)
 .data          0x00800155        0x0 c:/program files (x86)/atmel/avr studio 5.0/avr toolchain/bin/../lib/gcc/avr/4.5.1/avr51\libgcc.a(_exit.o)
 .data          0x00800155        0x0 c:/program files (x86)/atmel/avr studio 5.0/avr toolchain/bin/../lib/gcc/avr/4.5.1/avr51\libgcc.a(_copy_data.o)
 .data          0x00800155        0x0 c:/program files (x86)/atmel/avr studio 5.0/avr toolchain/bin/../lib/gcc/avr/4.5.1/avr51\libgcc.a(_clear_bss.o)
 .data          0x00800155        0x4 c:/program files (x86)/atmel/avr studio 5.0/avr toolchain/bin/../lib/gcc/avr/4.5.1/../../../../avr/lib/avr51\libc.a(rand.o)
 .data          0x00800159        0x0 c:/program files (x86)/atmel/avr studio 5.0/avr toolchain/bin/../lib/gcc/avr/4.5.1/../../../../avr/lib/avr51\libc.a(eerd_block_atmega128.o)
 .data          0x00800159        0x0 c:/program files (x86)/atmel/avr studio 5.0/avr toolchain/bin/../lib/gcc/avr/4.5.1/../../../../avr/lib/avr51\libc.a(eerd_byte_atmega128.o)
 .data          0x00800159        0x0 c:/program files (x86)/atmel/avr studio 5.0/avr toolchain/bin/../lib/gcc/avr/4.5.1/../../../../avr/lib/avr51\libc.a(eerd_word_atmega128.o)
 .data          0x00800159        0x0 c:/program files (x86)/atmel/avr studio 5.0/avr toolchain/bin/../lib/gcc/avr/4.5.1/../../../../avr/lib/avr51\libc.a(eewr_block_atmega128.o)
 .data          0x00800159        0x0 c:/program files (x86)/atmel/avr studio 5.0/avr toolchain/bin/../lib/gcc/avr/4.5.1/../../../../avr/lib/avr51\libc.a(eewr_byte_atmega128.o)
 .data          0x00800159        0x0 c:/program files (x86)/atmel/avr studio 5.0/avr toolchain/bin/../lib/gcc/avr/4.5.1/../../../../avr/lib/avr51\libc.a(eewr_word_atmega128.o)
 *(.data*)
 *(.rodata)
 *(.rodata*)
 *(.gnu.linkonce.d*)
                0x0080015a                . = ALIGN (0x2)
 *fill*         0x00800159        0x1 00
                0x0080015a                _edata = .
                0x0080015a                PROVIDE (__data_end, .)

.bss            0x0080015a      0xae3
                0x0080015a                PROVIDE (__bss_start, .)
 *(.bss)
 .bss           0x0080015a        0x0 c:/program files (x86)/atmel/avr studio 5.0/avr toolchain/bin/../lib/gcc/avr/4.5.1/../../../../avr/lib/avr51/crtm128.o
 .bss           0x0080015a        0x0 apptesthopping.o
 .bss           0x0080015a        0x0 libleds.o
 .bss           0x0080015a        0x0 socketadc.o
 .bss           0x0080015a        0x6 socketeeprom.o
 .bss           0x00800160        0x0 socketfile.o
 .bss           0x00800160        0x0 socketradiocontrol.o
 .bss           0x00800160        0x0 socketradiodata.o
 .bss           0x00800160        0x0 socketthread.o
 .bss           0x00800160        0x2 eventlogger.o
 .bss           0x00800162        0x2 realmain.o
 .bss           0x00800164      0x204 bootloader.o
 .bss           0x00800368        0x0 nodeconfig.o
 .bss           0x00800368        0x0 avrhardware.o
 .bss           0x00800368        0x0 micazhardware.o
 .bss           0x00800368       0x24 serialprint.o
 .bss           0x0080038c        0x0 stdserial.o
 .bss           0x0080038c        0x0 amradio.o
 .bss           0x0080038c        0x0 packethandler.o
 .bss           0x0080038c        0x0 cc2420controlm.o
 .bss           0x0080038c        0x0 cc2420radiom.o
 .bss           0x0080038c        0x0 hplcc2420fifom.o
 .bss           0x0080038c        0x0 hplcc2420interruptm.o
 .bss           0x0080038c        0x0 hplcc2420m.o
 .bss           0x0080038c        0x0 hpltimer1.o
 .bss           0x0080038c        0x0 scheduling.o
 .bss           0x0080038c        0x0 threaddata.o
 .bss           0x0080038c        0x0 threadkernel.o
 .bss           0x0080038c        0x0 threadtools.o
 .bss           0x0080038c        0x0 adcdriver.o
 .bss           0x0080038c        0x1 leds.o
 .bss           0x0080038d        0x0 sounder.o
 .bss           0x0080038d        0x0 bytestorage.o
 .bss           0x0080038d        0x0 ioeeprom.o
 .bss           0x0080038d        0x0 fs_structure.o
 .bss           0x0080038d        0x0 fsapi.o
 .bss           0x0080038d        0x0 fsconfig.o
 .bss           0x0080038d        0x0 fsstring.o
 .bss           0x0080038d        0x0 inode.o
 .bss           0x0080038d        0x2 stdfsa.o
 .bss           0x0080038f       0x20 vectorflash.o
 .bss           0x008003af        0x0 vectornode.o
 .bss           0x008003af        0x8 atmelflash.o
 .bss           0x008003b7        0x0 pagestorage.o
 .bss           0x008003b7        0x0 clockraw.o
 .bss           0x008003b7        0x0 generictimer.o
 .bss           0x008003b7        0xd globaltiming.o
 .bss           0x008003c4        0x0 timerraw.o
 .bss           0x008003c4        0x0 byteorder.o
 .bss           0x008003c4        0x7 string.o
 .bss           0x008003cb        0x0 types.o
 .bss           0x008003cb        0x0 math.o
 .bss           0x008003cb        0x0 commandhandle.o
 .bss           0x008003cb        0x0 syscall.o
 .bss           0x008003cb        0x0 libadc.o
 .bss           0x008003cb        0x0 libeeprom.o
 .bss           0x008003cb        0x0 libfile.o
 .bss           0x008003cb       0x20 libradio.o
 .bss           0x008003eb       0x13 libserial.o
 .bss           0x008003fe        0x0 libsounder.o
 .bss           0x008003fe        0x7 libstring.o
 .bss           0x00800405        0x0 libsystem.o
 .bss           0x00800405        0x0 libthread.o
 .bss           0x00800405        0x0 libmutex.o
 .bss           0x00800405        0x0 threadmodel.o
 .bss           0x00800405        0x0 c:/program files (x86)/atmel/avr studio 5.0/avr toolchain/bin/../lib/gcc/avr/4.5.1/avr51\libgcc.a(_mulsi3.o)
 .bss           0x00800405        0x0 c:/program files (x86)/atmel/avr studio 5.0/avr toolchain/bin/../lib/gcc/avr/4.5.1/avr51\libgcc.a(_udivmodhi4.o)
 .bss           0x00800405        0x0 c:/program files (x86)/atmel/avr studio 5.0/avr toolchain/bin/../lib/gcc/avr/4.5.1/avr51\libgcc.a(_divmodhi4.o)
 .bss           0x00800405        0x0 c:/program files (x86)/atmel/avr studio 5.0/avr toolchain/bin/../lib/gcc/avr/4.5.1/avr51\libgcc.a(_udivmodsi4.o)
 .bss           0x00800405        0x0 c:/program files (x86)/atmel/avr studio 5.0/avr toolchain/bin/../lib/gcc/avr/4.5.1/avr51\libgcc.a(_divmodsi4.o)
 .bss           0x00800405        0x0 c:/program files (x86)/atmel/avr studio 5.0/avr toolchain/bin/../lib/gcc/avr/4.5.1/avr51\libgcc.a(_exit.o)
 .bss           0x00800405        0x0 c:/program files (x86)/atmel/avr studio 5.0/avr toolchain/bin/../lib/gcc/avr/4.5.1/avr51\libgcc.a(_copy_data.o)
 .bss           0x00800405        0x0 c:/program files (x86)/atmel/avr studio 5.0/avr toolchain/bin/../lib/gcc/avr/4.5.1/avr51\libgcc.a(_clear_bss.o)
 .bss           0x00800405        0x0 c:/program files (x86)/atmel/avr studio 5.0/avr toolchain/bin/../lib/gcc/avr/4.5.1/../../../../avr/lib/avr51\libc.a(rand.o)
 .bss           0x00800405        0x0 c:/program files (x86)/atmel/avr studio 5.0/avr toolchain/bin/../lib/gcc/avr/4.5.1/../../../../avr/lib/avr51\libc.a(eerd_block_atmega128.o)
 .bss           0x00800405        0x0 c:/program files (x86)/atmel/avr studio 5.0/avr toolchain/bin/../lib/gcc/avr/4.5.1/../../../../avr/lib/avr51\libc.a(eerd_byte_atmega128.o)
 .bss           0x00800405        0x0 c:/program files (x86)/atmel/avr studio 5.0/avr toolchain/bin/../lib/gcc/avr/4.5.1/../../../../avr/lib/avr51\libc.a(eerd_word_atmega128.o)
 .bss           0x00800405        0x0 c:/program files (x86)/atmel/avr studio 5.0/avr toolchain/bin/../lib/gcc/avr/4.5.1/../../../../avr/lib/avr51\libc.a(eewr_block_atmega128.o)
 .bss           0x00800405        0x0 c:/program files (x86)/atmel/avr studio 5.0/avr toolchain/bin/../lib/gcc/avr/4.5.1/../../../../avr/lib/avr51\libc.a(eewr_byte_atmega128.o)
 .bss           0x00800405        0x0 c:/program files (x86)/atmel/avr studio 5.0/avr toolchain/bin/../lib/gcc/avr/4.5.1/../../../../avr/lib/avr51\libc.a(eewr_word_atmega128.o)
 *(.bss*)
 *(COMMON)
 COMMON         0x00800405       0xfa apptesthopping.o
                0x00800405                channelhopbuffer
 COMMON         0x008004ff       0x26 socketfile.o
                0x008004ff                position
                0x00800501                filehandle
                0x00800503                filemodeaddr
                0x00800508                nBytes
                0x0080050a                openthread
                0x0080050c                filepathaddr
                0x00800520                threadindex
                0x00800521                offset
                0x00800523                databuffer
 COMMON         0x00800525        0xc socketradiocontrol.o
                0x00800525                radio_buf
 COMMON         0x00800531       0x7b socketradiodata.o
                0x00800531                radiosocketdata
                0x00800538                currentMsg
 COMMON         0x008005ac      0x204 eventlogger.o
                0x008005ac                prevcount
                0x008005ad                endingcount
                0x008005ae                interval
                0x008005b0                records
 COMMON         0x008007b0       0x24 nodeconfig.o
                0x008007b0                filenameid
                0x008007c1                CURRENT_NODE_ID
                0x008007c3                networkid
 COMMON         0x008007d4        0x9 amradio.o
                0x008007d4                AMStandard_state
                0x008007d5                AMStandard_counter
                0x008007d7                debugmsg
                0x008007d9                AMStandard_lastCount
                0x008007db                AMStandard_buffer
 COMMON         0x008007dd       0x3e packethandler.o
                0x008007dd                tmp
                0x008007df                receivehandles
 COMMON         0x0080081b       0x1f cc2420controlm.o
                0x0080081b                cc2420controlm_state
                0x0080081c                CC2420_RFPOWER
                0x0080081d                cc2420controlm_gCurrentParameters
                0x00800839                CC2420_CHANNEL
 COMMON         0x0080083a       0x80 cc2420radiom.o
                0x0080083a                cc2420radiom_rxbufptr
                0x0080083c                cc2420radiom_currentDSN
                0x0080083d                cc2420radiom_bPacketReceiving
                0x0080083e                cc2420radiom_RxBuf
                0x008008b2                cc2420radiom_bAckEnable
                0x008008b3                cc2420radiom_countRetry
                0x008008b4                cc2420radiom_LocalAddr
                0x008008b6                cc2420radiom_txbufptr
                0x008008b8                cc2420radiom_stateRadio
                0x008008b9                cc2420radiom_txlength
 COMMON         0x008008ba        0x9 hplcc2420fifom.o
                0x008008ba                hplcc2420fifom_txlength
                0x008008bb                hplcc2420fifom_bSpiAvail
                0x008008bc                hplcc2420fifom_rxbuf
                0x008008be                hplcc2420fifom_txbufBusy
                0x008008bf                hplcc2420fifom_txbuf
                0x008008c1                hplcc2420fifom_rxbufBusy
                0x008008c2                hplcc2420fifom_rxlength
 COMMON         0x008008c3       0x10 hplcc2420interruptm.o
                0x008008c3                hplcc2420interruptm_FIFOWaitForState
                0x008008c4                alcounter
                0x008008c8                ahcounter
                0x008008ca                hplcc2420interruptm_FIFOLastState
                0x008008cb                hplcc2420interruptm_CCALastState
                0x008008cc                hplcc2420interruptm_CCAWaitForState
                0x008008cd                ahcounter2
                0x008008cf                alcounter2
 COMMON         0x008008d3        0x6 hplcc2420m.o
                0x008008d3                HPLCC2420M_ramlen
                0x008008d4                HPLCC2420M_rambuf
                0x008008d6                HPLCC2420M_bSpiAvail
                0x008008d7                HPLCC2420M_ramaddr
 COMMON         0x008008d9       0x11 hpltimer1.o
                0x008008d9                lcounter
                0x008008dd                hcounter2
                0x008008df                hcounter
                0x008008e1                HPLTimer1M_set_flag
                0x008008e2                lcounter2
                0x008008e6                HPLTimer1M_nextScale
                0x008008e7                HPLTimer1M_minterval
                0x008008e9                HPLTimer1M_mscale
 COMMON         0x008008ea       0x31 scheduling.o
                0x008008ea                LITE_queue
                0x0080091a                LITE_sched_num
 COMMON         0x0080091b       0x8e threadkernel.o
                0x0080091b                timediff
                0x0080091f                old_stack_ptr
                0x00800921                switchToThreadTime
                0x00800925                current_thread
                0x00800927                thread_table
                0x0080099c                switchFromThreadTime
                0x008009a0                thread_task_active
                0x008009a1                counterTo
                0x008009a3                stackinterrupt_ptr
                0x008009a5                maxthreadrambound
                0x008009a7                counterFrom
 COMMON         0x008009a9       0x14 fs_structure.o
                0x008009a9                fidtable
 COMMON         0x008009bd        0xc vectornode.o
                0x008009bd                vectornode
 COMMON         0x008009c9        0xc clockraw.o
                0x008009c9                historyvalue
                0x008009cd                highcounter
                0x008009cf                HPLClock_mscale
                0x008009d0                HPLClock_nextScale
                0x008009d1                HPLClock_set_flag
                0x008009d2                HPLClock_minterval
                0x008009d3                lowcounter
 COMMON         0x008009d5       0x10 generictimer.o
                0x008009d5                timercallback
 COMMON         0x008009e5       0xac timerraw.o
                0x008009e5                TimerM_queue_tail
                0x008009e6                TimerM_mState
                0x008009ea                TimerM_queue_size
                0x008009eb                TimerM_mScale
                0x008009ec                TimerM_mInterval
                0x008009ed                TimerM_setIntervalFlag
                0x008009ee                TimerM_queue
                0x008009fe                TimerM_interval_outstanding
                0x00800a00                TimerM_queue_head
                0x00800a01                TimerM_mTimerList
 COMMON         0x00800a91      0x1a4 commandhandle.o
                0x00800a91                shellbuffer
                0x00800b91                fp
                0x00800b93                openedfile
                0x00800b95                br_state
                0x00800bb0                createthreadname
                0x00800bbc                filename
                0x00800bc9                reply
                0x00800be9                expectNextNum
                0x00800beb                chunksequencenum
                0x00800bed                blockid
                0x00800bee                IncomingLength
                0x00800bef                IncomingMsg
                0x00800c2f                PacketInfo
                0x00800c31                thisthread
                0x00800c33                nodeid
 COMMON         0x00800c35        0x7 libradio.o
                0x00800c35                mythread
                0x00800c37                radioReceiveDataReady
                0x00800c38                radioReceivePacketInfo
 COMMON         0x00800c3c        0x1 libserial.o
                0x00800c3c                flag
                0x00800c3d                PROVIDE (__bss_end, .)
                0x000093aa                __data_load_start = LOADADDR (.data)
                0x00009404                __data_load_end = (__data_load_start + SIZEOF (.data))

.noinit         0x00800c3d        0x0
                0x00800c3d                PROVIDE (__noinit_start, .)
 *(.noinit*)
                0x00800c3d                PROVIDE (__noinit_end, .)
                0x00800c3d                _end = .
                0x00800c3d                PROVIDE (__heap_start, .)

.eeprom         0x00810000        0x0
 *(.eeprom*)
                0x00810000                __eeprom_end = .

.fuse
 *(.fuse)
 *(.lfuse)
 *(.hfuse)
 *(.efuse)

.lock
 *(.lock*)

.signature
 *(.signature*)

.stab           0x00000000      0xa98
 *(.stab)
 .stab          0x00000000      0x6cc c:/program files (x86)/atmel/avr studio 5.0/avr toolchain/bin/../lib/gcc/avr/4.5.1/../../../../avr/lib/avr51/crtm128.o
 .stab          0x000006cc      0x108 c:/program files (x86)/atmel/avr studio 5.0/avr toolchain/bin/../lib/gcc/avr/4.5.1/../../../../avr/lib/avr51\libc.a(eerd_block_atmega128.o)
                                0x114 (size before relaxing)
 .stab          0x000007d4       0x90 c:/program files (x86)/atmel/avr studio 5.0/avr toolchain/bin/../lib/gcc/avr/4.5.1/../../../../avr/lib/avr51\libc.a(eerd_byte_atmega128.o)
                                 0x9c (size before relaxing)
 .stab          0x00000864       0x6c c:/program files (x86)/atmel/avr studio 5.0/avr toolchain/bin/../lib/gcc/avr/4.5.1/../../../../avr/lib/avr51\libc.a(eerd_word_atmega128.o)
                                 0x78 (size before relaxing)
 .stab          0x000008d0       0x9c c:/program files (x86)/atmel/avr studio 5.0/avr toolchain/bin/../lib/gcc/avr/4.5.1/../../../../avr/lib/avr51\libc.a(eewr_block_atmega128.o)
                                 0xa8 (size before relaxing)
 .stab          0x0000096c       0xd8 c:/program files (x86)/atmel/avr studio 5.0/avr toolchain/bin/../lib/gcc/avr/4.5.1/../../../../avr/lib/avr51\libc.a(eewr_byte_atmega128.o)
                                 0xe4 (size before relaxing)
 .stab          0x00000a44       0x54 c:/program files (x86)/atmel/avr studio 5.0/avr toolchain/bin/../lib/gcc/avr/4.5.1/../../../../avr/lib/avr51\libc.a(eewr_word_atmega128.o)
                                 0x60 (size before relaxing)

.stabstr        0x00000000      0x2d9
 *(.stabstr)
 .stabstr       0x00000000      0x2d9 c:/program files (x86)/atmel/avr studio 5.0/avr toolchain/bin/../lib/gcc/avr/4.5.1/../../../../avr/lib/avr51/crtm128.o

.stab.excl
 *(.stab.excl)

.stab.exclstr
 *(.stab.exclstr)

.stab.index
 *(.stab.index)

.stab.indexstr
 *(.stab.indexstr)

.comment
 *(.comment)

.debug
 *(.debug)

.line
 *(.line)

.debug_srcinfo
 *(.debug_srcinfo)

.debug_sfnames
 *(.debug_sfnames)

.debug_aranges  0x00000000      0xa00
 *(.debug_aranges)
 .debug_aranges
                0x00000000       0x20 apptesthopping.o
 .debug_aranges
                0x00000020       0x20 libleds.o
 .debug_aranges
                0x00000040       0x20 socketadc.o
 .debug_aranges
                0x00000060       0x20 socketeeprom.o
 .debug_aranges
                0x00000080       0x20 socketfile.o
 .debug_aranges
                0x000000a0       0x20 socketradiocontrol.o
 .debug_aranges
                0x000000c0       0x20 socketradiodata.o
 .debug_aranges
                0x000000e0       0x20 socketthread.o
 .debug_aranges
                0x00000100       0x20 eventlogger.o
 .debug_aranges
                0x00000120       0x20 realmain.o
 .debug_aranges
                0x00000140       0x80 bootloader.o
 .debug_aranges
                0x000001c0       0x20 nodeconfig.o
 .debug_aranges
                0x000001e0       0x20 avrhardware.o
 .debug_aranges
                0x00000200       0x20 micazhardware.o
 .debug_aranges
                0x00000220       0x20 serialprint.o
 .debug_aranges
                0x00000240       0x20 stdserial.o
 .debug_aranges
                0x00000260       0x20 amradio.o
 .debug_aranges
                0x00000280       0x20 packethandler.o
 .debug_aranges
                0x000002a0       0x20 cc2420controlm.o
 .debug_aranges
                0x000002c0       0x20 cc2420radiom.o
 .debug_aranges
                0x000002e0       0x20 hplcc2420fifom.o
 .debug_aranges
                0x00000300       0x20 hplcc2420interruptm.o
 .debug_aranges
                0x00000320       0x20 hplcc2420m.o
 .debug_aranges
                0x00000340       0x20 hpltimer1.o
 .debug_aranges
                0x00000360       0x20 scheduling.o
 .debug_aranges
                0x00000380       0x20 threaddata.o
 .debug_aranges
                0x000003a0       0x20 threadkernel.o
 .debug_aranges